stm32l4xx_it.c:66:6:NMI_Handler	0	static
stm32l4xx_it.c:75:6:HardFault_Handler	0	static
stm32l4xx_it.c:88:6:MemManage_Handler	0	static
stm32l4xx_it.c:101:6:BusFault_Handler	0	static
stm32l4xx_it.c:114:6:UsageFault_Handler	0	static
stm32l4xx_it.c:127:6:SVC_Handler	0	static
stm32l4xx_it.c:136:6:DebugMon_Handler	0	static
stm32l4xx_it.c:145:6:PendSV_Handler	0	static
stm32l4xx_it.c:154:6:SysTick_Handler	0	static
stm32l4xx_it.c:180:6:EXTI9_5_IRQHandler	8	static
stm32l4xx_it.c:192:6:EXTI15_10_IRQHandler	8	static
