stm32l4xx_hal_tsc.c:1103:17:TSC_extract_groups	12	static
stm32l4xx_hal_tsc.c:401:13:HAL_TSC_MspInit	0	static
stm32l4xx_hal_tsc.c:253:19:HAL_TSC_Init	16	static
stm32l4xx_hal_tsc.c:417:13:HAL_TSC_MspDeInit	0	static
stm32l4xx_hal_tsc.c:358:19:HAL_TSC_DeInit	8	static
stm32l4xx_hal_tsc.c:636:19:HAL_TSC_Start	0	static
stm32l4xx_hal_tsc.c:679:19:HAL_TSC_Start_IT	0	static
stm32l4xx_hal_tsc.c:733:19:HAL_TSC_Stop	0	static
stm32l4xx_hal_tsc.c:766:19:HAL_TSC_Stop_IT	0	static
stm32l4xx_hal_tsc.c:831:24:HAL_TSC_GroupGetStatus	0	static
stm32l4xx_hal_tsc.c:848:10:HAL_TSC_GroupGetValue	0	static
stm32l4xx_hal_tsc.c:883:19:HAL_TSC_IOConfig	16	static
stm32l4xx_hal_tsc.c:923:19:HAL_TSC_IODischarge	0	static
stm32l4xx_hal_tsc.c:972:22:HAL_TSC_GetState	0	static
stm32l4xx_hal_tsc.c:804:19:HAL_TSC_PollForAcquisition	8	static
stm32l4xx_hal_tsc.c:1059:13:HAL_TSC_ConvCpltCallback	0	static
stm32l4xx_hal_tsc.c:1075:13:HAL_TSC_ErrorCallback	0	static
stm32l4xx_hal_tsc.c:1014:6:HAL_TSC_IRQHandler	8	static
