stm32l4xx_hal_swpmi.c:393:13:HAL_SWPMI_MspInit	0	static
stm32l4xx_hal_swpmi.c:254:19:HAL_SWPMI_Init	16	static
stm32l4xx_hal_swpmi.c:408:13:HAL_SWPMI_MspDeInit	0	static
stm32l4xx_hal_swpmi.c:344:19:HAL_SWPMI_DeInit	8	static
stm32l4xx_hal_swpmi.c:662:19:HAL_SWPMI_Transmit	24	static
stm32l4xx_hal_swpmi.c:773:19:HAL_SWPMI_Receive	24	static
stm32l4xx_hal_swpmi.c:877:19:HAL_SWPMI_Transmit_IT	0	static
stm32l4xx_hal_swpmi.c:944:19:HAL_SWPMI_Receive_IT	0	static
stm32l4xx_hal_swpmi.c:1007:19:HAL_SWPMI_Transmit_DMA	16	static
stm32l4xx_hal_swpmi.c:1094:19:HAL_SWPMI_Receive_DMA	16	static
stm32l4xx_hal_swpmi.c:1178:19:HAL_SWPMI_DMAStop	16	static
stm32l4xx_hal_swpmi.c:1225:19:HAL_SWPMI_EnableLoopback	0	static
stm32l4xx_hal_swpmi.c:1253:19:HAL_SWPMI_DisableLoopback	0	static
stm32l4xx_hal_swpmi.c:1470:13:HAL_SWPMI_TxCpltCallback	0	static
stm32l4xx_hal_swpmi.c:1485:13:HAL_SWPMI_TxHalfCpltCallback	0	static
stm32l4xx_hal_swpmi.c:1806:13:SWPMI_DMATxHalfCplt	8	static
stm32l4xx_hal_swpmi.c:1500:13:HAL_SWPMI_RxCpltCallback	0	static
stm32l4xx_hal_swpmi.c:1823:13:SWPMI_DMAReceiveCplt	8	static
stm32l4xx_hal_swpmi.c:1515:13:HAL_SWPMI_RxHalfCpltCallback	0	static
stm32l4xx_hal_swpmi.c:1858:13:SWPMI_DMARxHalfCplt	8	static
stm32l4xx_hal_swpmi.c:1530:13:HAL_SWPMI_ErrorCallback	0	static
stm32l4xx_hal_swpmi.c:1874:13:SWPMI_DMAError	8	static
stm32l4xx_hal_swpmi.c:1741:13:SWPMI_DMATransmitCplt	16	static
stm32l4xx_hal_swpmi.c:1298:6:HAL_SWPMI_IRQHandler	16	static
stm32l4xx_hal_swpmi.c:1896:13:SWPMI_DMAAbortOnError	8	static
stm32l4xx_hal_swpmi.c:1564:24:HAL_SWPMI_GetState	0	static
stm32l4xx_hal_swpmi.c:1576:10:HAL_SWPMI_GetError	0	static
