stm32l4xx_hal_nand.c:199:13:HAL_NAND_MspInit	0	static
stm32l4xx_hal_nand.c:136:20:HAL_NAND_Init	16	static
stm32l4xx_hal_nand.c:215:13:HAL_NAND_MspDeInit	0	static
stm32l4xx_hal_nand.c:176:19:HAL_NAND_DeInit	8	static
stm32l4xx_hal_nand.c:282:13:HAL_NAND_ITCallback	0	static
stm32l4xx_hal_nand.c:232:6:HAL_NAND_IRQHandler	8	static
stm32l4xx_hal_nand.c:318:19:HAL_NAND_Read_ID	16	static
stm32l4xx_hal_nand.c:383:19:HAL_NAND_Reset	0	static
stm32l4xx_hal_nand.c:422:20:HAL_NAND_ConfigDevice	0	static
stm32l4xx_hal_nand.c:1596:19:HAL_NAND_Erase_Block	20	static
stm32l4xx_hal_nand.c:1646:10:HAL_NAND_Address_Inc	8	static
stm32l4xx_hal_nand.c:1699:20:HAL_NAND_ECC_Enable	8	static
stm32l4xx_hal_nand.c:1725:20:HAL_NAND_ECC_Disable	8	static
stm32l4xx_hal_nand.c:1753:20:HAL_NAND_GetECC	8	static
stm32l4xx_hal_nand.c:1801:23:HAL_NAND_GetState	0	static
stm32l4xx_hal_nand.c:1813:10:HAL_NAND_Read_Status	0	static
stm32l4xx_hal_nand.c:445:19:HAL_NAND_Read_Page_8b	56	static
stm32l4xx_hal_nand.c:588:19:HAL_NAND_Read_Page_16b	56	static
stm32l4xx_hal_nand.c:730:19:HAL_NAND_Write_Page_8b	56	static
stm32l4xx_hal_nand.c:868:19:HAL_NAND_Write_Page_16b	56	static
stm32l4xx_hal_nand.c:1006:19:HAL_NAND_Read_SpareArea_8b	64	static
stm32l4xx_hal_nand.c:1155:19:HAL_NAND_Read_SpareArea_16b	64	static
stm32l4xx_hal_nand.c:1304:19:HAL_NAND_Write_SpareArea_8b	64	static
stm32l4xx_hal_nand.c:1451:19:HAL_NAND_Write_SpareArea_16b	64	static
