stm32l4xx_hal_irda.c:2519:13:IRDA_EndRxTransfer	0	static
stm32l4xx_hal_irda.c:2462:26:IRDA_WaitOnFlagUntilTimeout.constprop	24	static
stm32l4xx_hal_irda.c:459:13:HAL_IRDA_MspInit	0	static
stm32l4xx_hal_irda.c:351:19:HAL_IRDA_Init	16	static
stm32l4xx_hal_irda.c:475:13:HAL_IRDA_MspDeInit	0	static
stm32l4xx_hal_irda.c:416:19:HAL_IRDA_DeInit	8	static
stm32l4xx_hal_irda.c:817:19:HAL_IRDA_Transmit	32	static
stm32l4xx_hal_irda.c:903:19:HAL_IRDA_Receive	32	static
stm32l4xx_hal_irda.c:990:19:HAL_IRDA_Transmit_IT	0	static
stm32l4xx_hal_irda.c:1036:19:HAL_IRDA_Receive_IT	0	static
stm32l4xx_hal_irda.c:1089:19:HAL_IRDA_Transmit_DMA	24	static
stm32l4xx_hal_irda.c:1166:19:HAL_IRDA_Receive_DMA	24	static
stm32l4xx_hal_irda.c:1242:19:HAL_IRDA_DMAPause	0	static
stm32l4xx_hal_irda.c:1280:19:HAL_IRDA_DMAResume	0	static
stm32l4xx_hal_irda.c:1315:19:HAL_IRDA_DMAStop	8	static
stm32l4xx_hal_irda.c:1398:19:HAL_IRDA_Abort	8	static
stm32l4xx_hal_irda.c:1494:19:HAL_IRDA_AbortTransmit	16	static
stm32l4xx_hal_irda.c:1553:19:HAL_IRDA_AbortReceive	16	static
stm32l4xx_hal_irda.c:2094:13:HAL_IRDA_TxCpltCallback	0	static
stm32l4xx_hal_irda.c:2540:13:IRDA_DMATransmitCplt	8	static
stm32l4xx_hal_irda.c:2110:13:HAL_IRDA_TxHalfCpltCallback	0	static
stm32l4xx_hal_irda.c:2576:13:IRDA_DMATransmitHalfCplt	8	static
stm32l4xx_hal_irda.c:2126:13:HAL_IRDA_RxCpltCallback	0	static
stm32l4xx_hal_irda.c:2595:13:IRDA_DMAReceiveCplt	8	static
stm32l4xx_hal_irda.c:2934:13:IRDA_Receive_IT	8	static
stm32l4xx_hal_irda.c:2142:13:HAL_IRDA_RxHalfCpltCallback	0	static
stm32l4xx_hal_irda.c:2631:13:IRDA_DMAReceiveHalfCplt	8	static
stm32l4xx_hal_irda.c:2158:13:HAL_IRDA_ErrorCallback	0	static
stm32l4xx_hal_irda.c:2650:13:IRDA_DMAError	8	static
stm32l4xx_hal_irda.c:1916:6:HAL_IRDA_IRQHandler	16	static
stm32l4xx_hal_irda.c:2690:13:IRDA_DMAAbortOnError	8	static
stm32l4xx_hal_irda.c:2174:13:HAL_IRDA_AbortCpltCallback	0	static
stm32l4xx_hal_irda.c:1618:19:HAL_IRDA_Abort_IT	8	static
stm32l4xx_hal_irda.c:2761:13:IRDA_DMARxAbortCallback	8	static
stm32l4xx_hal_irda.c:2713:13:IRDA_DMATxAbortCallback	8	static
stm32l4xx_hal_irda.c:2190:13:HAL_IRDA_AbortTransmitCpltCallback	0	static
stm32l4xx_hal_irda.c:1754:19:HAL_IRDA_AbortTransmit_IT	8	static
stm32l4xx_hal_irda.c:2809:13:IRDA_DMATxOnlyAbortCallback	8	static
stm32l4xx_hal_irda.c:2206:13:HAL_IRDA_AbortReceiveCpltCallback	0	static
stm32l4xx_hal_irda.c:1836:19:HAL_IRDA_AbortReceive_IT	8	static
stm32l4xx_hal_irda.c:2836:13:IRDA_DMARxOnlyAbortCallback	8	static
stm32l4xx_hal_irda.c:2245:23:HAL_IRDA_GetState	0	static
stm32l4xx_hal_irda.c:2261:10:HAL_IRDA_GetError	0	static
