stm32l4xx_hal_usart.c:2587:13:USART_EndTransfer	0	static
stm32l4xx_hal_usart.c:3142:13:USART_TxISR_16BIT	0	static
stm32l4xx_hal_usart.c:2904:26:USART_WaitOnFlagUntilTimeout.constprop	24	static
stm32l4xx_hal_usart.c:3107:13:USART_TxISR_8BIT	0	static
stm32l4xx_hal_usart.c:405:13:HAL_USART_MspInit	0	static
stm32l4xx_hal_usart.c:301:19:HAL_USART_Init	16	static
stm32l4xx_hal_usart.c:420:13:HAL_USART_MspDeInit	0	static
stm32l4xx_hal_usart.c:362:19:HAL_USART_DeInit	16	static
stm32l4xx_hal_usart.c:772:19:HAL_USART_Transmit	32	static
stm32l4xx_hal_usart.c:866:19:HAL_USART_Receive	32	static
stm32l4xx_hal_usart.c:979:19:HAL_USART_TransmitReceive	32	static
stm32l4xx_hal_usart.c:1126:19:HAL_USART_Transmit_IT	8	static
stm32l4xx_hal_usart.c:1208:19:HAL_USART_Receive_IT	8	static
stm32l4xx_hal_usart.c:1321:19:HAL_USART_TransmitReceive_IT	12	static
stm32l4xx_hal_usart.c:1425:19:HAL_USART_Transmit_DMA	16	static
stm32l4xx_hal_usart.c:1507:19:HAL_USART_Receive_DMA	24	static
stm32l4xx_hal_usart.c:1623:19:HAL_USART_TransmitReceive_DMA	24	static
stm32l4xx_hal_usart.c:1734:19:HAL_USART_DMAPause	0	static
stm32l4xx_hal_usart.c:1781:19:HAL_USART_DMAResume	0	static
stm32l4xx_hal_usart.c:1825:19:HAL_USART_DMAStop	8	static
stm32l4xx_hal_usart.c:1891:19:HAL_USART_Abort	16	static
stm32l4xx_hal_usart.c:2404:13:HAL_USART_TxCpltCallback	0	static
stm32l4xx_hal_usart.c:2608:13:USART_DMATransmitCplt	8	static
stm32l4xx_hal_usart.c:2419:13:HAL_USART_TxHalfCpltCallback	0	static
stm32l4xx_hal_usart.c:2648:13:USART_DMATxHalfCplt	8	static
stm32l4xx_hal_usart.c:2434:13:HAL_USART_RxCpltCallback	0	static
stm32l4xx_hal_usart.c:2449:13:HAL_USART_RxHalfCpltCallback	0	static
stm32l4xx_hal_usart.c:2741:13:USART_DMARxHalfCplt	8	static
stm32l4xx_hal_usart.c:2464:13:HAL_USART_TxRxCpltCallback	0	static
stm32l4xx_hal_usart.c:3325:13:USART_RxISR_8BIT	16	static
stm32l4xx_hal_usart.c:3423:13:USART_RxISR_16BIT	16	static
stm32l4xx_hal_usart.c:2666:13:USART_DMAReceiveCplt	8	static
stm32l4xx_hal_usart.c:2479:13:HAL_USART_ErrorCallback	0	static
stm32l4xx_hal_usart.c:2759:13:USART_DMAError	8	static
stm32l4xx_hal_usart.c:2136:6:HAL_USART_IRQHandler	16	static
stm32l4xx_hal_usart.c:2785:13:USART_DMAAbortOnError	8	static
stm32l4xx_hal_usart.c:2494:13:HAL_USART_AbortCpltCallback	0	static
stm32l4xx_hal_usart.c:1999:19:HAL_USART_Abort_IT	8	static
stm32l4xx_hal_usart.c:2856:13:USART_DMARxAbortCallback	8	static
stm32l4xx_hal_usart.c:2808:13:USART_DMATxAbortCallback	8	static
stm32l4xx_hal_usart.c:2531:24:HAL_USART_GetState	0	static
stm32l4xx_hal_usart.c:2542:10:HAL_USART_GetError	0	static
