stm32l4xx_hal_smartcard.c:2742:13:SMARTCARD_DMATransmitCplt	8	static
stm32l4xx_hal_smartcard.c:3008:13:SMARTCARD_TxISR	8	static
stm32l4xx_hal_smartcard.c:2663:26:SMARTCARD_WaitOnFlagUntilTimeout.constprop	24	static
stm32l4xx_hal_smartcard.c:467:13:HAL_SMARTCARD_MspInit	0	static
stm32l4xx_hal_smartcard.c:344:19:HAL_SMARTCARD_Init	16	static
stm32l4xx_hal_smartcard.c:483:13:HAL_SMARTCARD_MspDeInit	0	static
stm32l4xx_hal_smartcard.c:417:19:HAL_SMARTCARD_DeInit	16	static
stm32l4xx_hal_smartcard.c:831:19:HAL_SMARTCARD_Transmit	24	static
stm32l4xx_hal_smartcard.c:918:19:HAL_SMARTCARD_Receive	24	static
stm32l4xx_hal_smartcard.c:985:19:HAL_SMARTCARD_Transmit_IT	8	static
stm32l4xx_hal_smartcard.c:1076:19:HAL_SMARTCARD_Receive_IT	8	static
stm32l4xx_hal_smartcard.c:1146:19:HAL_SMARTCARD_Transmit_DMA	24	static
stm32l4xx_hal_smartcard.c:1238:19:HAL_SMARTCARD_Receive_DMA	24	static
stm32l4xx_hal_smartcard.c:1321:19:HAL_SMARTCARD_Abort	8	static
stm32l4xx_hal_smartcard.c:1418:19:HAL_SMARTCARD_AbortTransmit	16	static
stm32l4xx_hal_smartcard.c:1489:19:HAL_SMARTCARD_AbortReceive	16	static
stm32l4xx_hal_smartcard.c:2212:13:HAL_SMARTCARD_TxCpltCallback	0	static
stm32l4xx_hal_smartcard.c:2228:13:HAL_SMARTCARD_RxCpltCallback	0	static
stm32l4xx_hal_smartcard.c:3128:13:SMARTCARD_RxISR	8	static
stm32l4xx_hal_smartcard.c:2761:13:SMARTCARD_DMAReceiveCplt	8	static
stm32l4xx_hal_smartcard.c:2244:13:HAL_SMARTCARD_ErrorCallback	0	static
stm32l4xx_hal_smartcard.c:2792:13:SMARTCARD_DMAError	8	static
stm32l4xx_hal_smartcard.c:1900:6:HAL_SMARTCARD_IRQHandler	16	static
stm32l4xx_hal_smartcard.c:2832:13:SMARTCARD_DMAAbortOnError	8	static
stm32l4xx_hal_smartcard.c:2260:13:HAL_SMARTCARD_AbortCpltCallback	0	static
stm32l4xx_hal_smartcard.c:1563:19:HAL_SMARTCARD_Abort_IT	8	static
stm32l4xx_hal_smartcard.c:2902:13:SMARTCARD_DMARxAbortCallback	8	static
stm32l4xx_hal_smartcard.c:2855:13:SMARTCARD_DMATxAbortCallback	8	static
stm32l4xx_hal_smartcard.c:2276:13:HAL_SMARTCARD_AbortTransmitCpltCallback	0	static
stm32l4xx_hal_smartcard.c:1705:19:HAL_SMARTCARD_AbortTransmit_IT	8	static
stm32l4xx_hal_smartcard.c:2949:13:SMARTCARD_DMATxOnlyAbortCallback	8	static
stm32l4xx_hal_smartcard.c:2292:13:HAL_SMARTCARD_AbortReceiveCpltCallback	0	static
stm32l4xx_hal_smartcard.c:1805:19:HAL_SMARTCARD_AbortReceive_IT	8	static
stm32l4xx_hal_smartcard.c:2978:13:SMARTCARD_DMARxOnlyAbortCallback	8	static
stm32l4xx_hal_smartcard.c:2331:28:HAL_SMARTCARD_GetState	0	static
stm32l4xx_hal_smartcard.c:2347:10:HAL_SMARTCARD_GetError	0	static
