stm32l496g_discovery.c:846:13:I2Cx_Init	8	static
stm32l496g_discovery.c:253:13:BSP_ErrorHandler	0	static
stm32l496g_discovery.c:266:10:BSP_GetVersion	0	static
stm32l496g_discovery.c:281:6:BSP_LED_Init	32	static
stm32l496g_discovery.c:325:6:BSP_LED_DeInit	16	static
stm32l496g_discovery.c:345:6:BSP_LED_On	0	static
stm32l496g_discovery.c:366:6:BSP_LED_Off	0	static
stm32l496g_discovery.c:387:6:BSP_LED_Toggle	0	static
stm32l496g_discovery.c:408:9:BSP_JOY_Init	72	static
stm32l496g_discovery.c:447:6:BSP_JOY_DeInit	48	static
stm32l496g_discovery.c:472:18:BSP_JOY_GetState	24	static
stm32l496g_discovery.c:498:6:BSP_COM_Init	56	static
stm32l496g_discovery.c:536:6:BSP_COM_DeInit	16	static
stm32l496g_discovery.c:571:6:I2C2_Init	200	static
stm32l496g_discovery.c:827:13:I2C2_Error	8	static
stm32l496g_discovery.c:750:16:I2C2_ReadData.constprop	32	static
stm32l496g_discovery.c:644:6:I2C2_DeInit	16	static
stm32l496g_discovery.c:931:26:I2Cx_WriteMultiple.constprop	32	static
stm32l496g_discovery.c:987:6:MFX_IO_Init	8	static
stm32l496g_discovery.c:1002:6:MFX_IO_DeInit	40	static
stm32l496g_discovery.c:1029:6:MFX_IO_ITConfig	32	static
stm32l496g_discovery.c:1052:6:MFX_IO_EnableWakeupPin	32	static
stm32l496g_discovery.c:1071:6:MFX_IO_Wakeup	8	static
stm32l496g_discovery.c:1090:6:MFX_IO_Write	32	static
stm32l496g_discovery.c:1101:9:MFX_IO_Read	0	static
stm32l496g_discovery.c:1114:10:MFX_IO_ReadMultiple	24	static
stm32l496g_discovery.c:1127:6:MFX_IO_WriteMultiple	24	static
stm32l496g_discovery.c:1137:6:MFX_IO_Delay	0	static
stm32l496g_discovery.c:1224:6:AUDIO_IO_Write	32	static
stm32l496g_discovery.c:1235:9:AUDIO_IO_Read	32	static
stm32l496g_discovery.c:1148:6:AUDIO_IO_Init	48	static
stm32l496g_discovery.c:1189:6:AUDIO_IO_DeInit	8	static
stm32l496g_discovery.c:1249:6:AUDIO_IO_Delay	0	static
stm32l496g_discovery.c:1263:6:FMC_BANK1_MspInit	64	static
stm32l496g_discovery.c:1380:6:FMC_BANK1_MspDeInit	32	static
stm32l496g_discovery.c:1452:6:LCD_IO_Init	144	static
stm32l496g_discovery.c:1462:6:LCD_IO_WriteData	0	static
stm32l496g_discovery.c:1474:6:LCD_IO_WriteMultipleData	0	static
stm32l496g_discovery.c:1489:6:LCD_IO_WriteReg	0	static
stm32l496g_discovery.c:1500:10:LCD_IO_ReadData	0	static
stm32l496g_discovery.c:1510:6:LCD_IO_Delay	0	static
stm32l496g_discovery.c:1550:6:TS_IO_Write	24	static
stm32l496g_discovery.c:1561:9:TS_IO_Read	0	static
stm32l496g_discovery.c:1575:10:TS_IO_ReadMultiple	24	static
stm32l496g_discovery.c:1589:6:TS_IO_WriteMultiple	16	static
stm32l496g_discovery.c:1599:6:TS_IO_Delay	0	static
stm32l496g_discovery.c:1610:6:CAMERA_IO_Init	0	static
stm32l496g_discovery.c:1622:6:CAMERA_IO_Write	24	static
stm32l496g_discovery.c:1633:9:CAMERA_IO_Read	32	static
stm32l496g_discovery.c:1647:6:CAMERA_Delay	0	static
stm32l496g_discovery.c:1655:16:BSP_LCD_Init	0	static
stm32l496g_discovery.c:1521:6:TS_IO_Init	8	static
